RowNum               LastName                                           SalesYTD              PostalCode
-------------------- -------------------------------------------------- --------------------- ---------------
1                    Mitchell                                           4251368,5497          98027
2                    Blythe                                             3763178,1787          98027
3                    Carson                                             3189418,3662          98027
4                    Reiter                                             2315185,611           98027
5                    Vargas                                             1453719,4653          98027
6                    Ansman-Wolfe                                       1352577,1325          98027
1                    Pak                                                4116871,2277          98055
2                    Varkey Chudukatil                                  3121616,3202          98055
3                    Saraiva                                            2604540,7172          98055
4                    Ito                                                2458535,6169          98055
5                    Valdez                                             1827066,7118          98055
6                    Mensa-Annan                                        1576562,1966          98055
7                    Campbell                                           1573012,9383          98055
8                    Tsoflias                                           1421810,9242          98055

(14 rows affected)


Completion time: 2025-12-08T09:25:10.4335352+02:00
