BusinessEntityID LastName                                           FirstName
---------------- -------------------------------------------------- --------------------------------------------------
1149             Alexander                                          Mary
363              Arakawa                                            Hannah
365              Arbelaez                                           Kyley
377              Ault                                               John
379              Avalos                                             Robert
389              Bailey                                             James
391              Baldwin                                            Douglas
399              Banks                                              Darrell
401              Barbariol                                          Angela
403              Barber                                             David
409              Barlow                                             Brenda
411              Barnhill                                           Josh
413              Barr                                               Adam
423              Bauer                                              Ciro
425              Beanston                                           Glenna
427              Beasley                                            Shaun
447              Ben-Sachar                                         Ido
449              Benson                                             Edna
453              Benson                                             Max
451              Benson                                             Payton
455              Bent                                               Scot
457              Bentley                                            Richard
465              Berger                                             John
467              Bergin                                             Kris
469              Berglund                                           Andreas
483              Bischoff                                           Jimmy
485              Bishop                                             Mary
487              Black                                              Mae
495              Blythe                                             Michael
497              Bockenkamp                                         Gabriel
499              Bohling                                            Michael
501              Bolender                                           Corinna
503              Bonifaz                                            Luis
387              Booth                                              Cory
505              Boseman                                            Randall
511              Bowman                                             Lester
513              Bradley                                            David
527              Bright                                             Christopher
529              Brink                                              Carol
531              Brink                                              David
541              Brown                                              Robert
543              Browne                                             Kevin
551              Brumfield                                          Eric
553              Brummer                                            Dick
555              Brundage                                           Michael
557              Bruner                                             Shirley
559              Brunner                                            June
571              Burkhardt                                          Ingrid
573              Burkhardt                                          Karren
575              Burlacu                                            Ovidiu
577              Burnell                                            Dana
585              Bustamante                                         Jared
587              Byham                                              Richard
589              Byrnes                                             David
603              Cameron                                            DeeDee
609              Campbell                                           David
607              Campbell                                           Joan
629              Carmichael                                         Jane
631              Carmody                                            Jovita
633              Carnes                                             Steve
635              Caro                                               Fernando
637              Caron                                              Rob
639              Carothers                                          Andy
675              Charney                                            Neil
677              Chen                                               Hao
679              Chen                                               John
683              Cheng                                              Yao-Qiang
685              Chesnut                                            Nicky
687              Chestnut                                           Susan
681              Chow                                               Pei
699              Christie                                           Jill
701              Clark                                              Alice
703              Clark                                              Gina
705              Clark                                              James
707              Clayton                                            Jane
709              Cleary                                             Kristine
711              Cobb                                               Teanna
713              Coffman                                            Connie
715              Cole                                               Jeanette
717              Coleman                                            Eric
719              Coleman                                            Pat
721              Collins                                            Takiko
723              Colon                                              John
725              Colvin                                             Scott
727              Con                                                Aaron
729              Connelly                                           Peter
731              Conner                                             William
733              Conroy                                             Stephanie
735              Consentino                                         Amy
737              Contreras                                          Dorothy
739              Cook                                               Patrick
741              Cooper                                             Scott
743              Corets                                             Eva
745              Coriell                                            Marlin
747              Cornelsen                                          Ryan
749              Costa Da Silva                                     Bruno
751              Cox                                                Pamela
753              Creasey                                            Jack
755              Crow                                               Sharon
801              Desalvo                                            Bev
893              Fluegel                                            Jay
895              Focht                                              Kelly
897              Ford                                               Jeffrey
913              Ford                                               John
899              Fort                                               Garth
901              Fox                                                Dorothy
903              Frazier                                            Judith
905              Fredericksen                                       John
907              French                                             Susan
909              Friedland                                          Liam
911              Frintu                                             Mihail
915              Fulton                                             Paul
917              Funk                                               Don
919              Gage                                               Bob
921              Gallagher                                          Aldeen
923              Galos                                              Michael
925              Ganio                                              Jon
943              Giakoumakis                                        Leo
945              Gibbens                                            Cornett
947              Giglio                                             Frances
949              Gilbert                                            Guy
951              Gilliat                                            Janet
985              Greer                                              Jane
987              Grisso                                             Geoff
989              Groncki                                            Douglas
991              Groth                                              Brian
993              Gustafson                                          Faith
997              Haemon                                             Hattie
999              Hagemann                                           Matthew
1001             Hagens                                             Erin
1003             Haines                                             Betty
1007             Hall                                               Don
1005             Hall                                               Karen
1009             Hamilton                                           Bryan
1011             Hamilton                                           James
1015             Handley                                            Jean
1013             Hanif                                              Kerim
1017             Hanson                                             Mark
1019             Hapke                                              William
1021             Harding                                            Katherine
1023             Harrington                                         Kimberly
1025             Harrington                                         Lucy
1027             Harris                                             Keith
995              Harrison                                           Greg
1111             Howard                                             Curtis
1113             Howard                                             Joe
1115             Hows                                               Janice
1117             Huckaby                                            George
1119             Huff                                               Joshua
1133             Iallo                                              Lucio
1131             Inghram                                            Beth
1135             Irwin                                              Richard
1137             Ismert                                             Erik
1139             Ison                                               Denean
1141             Iyer                                               Raman
1143             Jacobs                                             Bronson
1145             Jacobsen                                           Eric
1147             Jacobson                                           Jodan
1151             Jaffe                                              David
1153             Jamison                                            Jay
1157             Jarvis                                             Joyce
1159             Jiang                                              George
1161             Jiang                                              Stephen
1155             Johns                                              Vance
1163             Johnson                                            Samuel
367              Johnston                                           Tom
605              Lee                                                Deborah
1363             Lyeba                                              Robert
1365             Lynn                                               Sharon
1367             Lyon                                               Robert
1369             Lysaker                                            Jenny
1371             Maccietto                                          Denise
1373             MacDonald                                          Scott
1377             Magenheimer                                        Patrick
1379             Malmendier                                         Kimberly
1381             Manchepalli                                        Ajay
1383             Manek                                              Parul
1385             Manzanares                                         Tomas
1387             Marcovecchio                                       Kathy
1389             Markwood                                           Jill
1391             Marple                                             Melissa
1393             Marshall                                           Cecelia
1395             Martin                                             Benjamin
1397             Martin                                             Linda
1399             Martin                                             Mindy
1401             Martinez                                           Sandra
1375             Mays                                               Walter
1435             McKay                                              Yvonne
1437             McLin                                              Nkenge
1439             McPhearson                                         Nancy
1441             Medina                                             Nellie
1443             Mello                                              Raquel
1445             Mendiola                                           Gladys
1447             Mendoza                                            R. Morgan
1449             Meston                                             Tosh
1451             Metters                                            Susan
1453             Mew                                                Stephen
1459             Meyer                                              Deanna
1455             Meyer                                              Eric
1457             Meyer                                              Helen
1461             Meyerhoff                                          Gary
1463             Meyyappan                                          Ramesh
1465             Michaels                                           Thomas
1467             Miksovsky                                          Jan
1475             Miller                                             Ben
1477             Miller                                             Dylan
1473             Miller                                             Emilo
1479             Miller                                             Frank
1471             Miller                                             Matthew
1469             Miller                                             Virginia
1483             Mitchell                                           Linda
1481             Mitchell                                           Neva
1485             Mitchell                                           Scott
1487             Mitosinka                                          Robert
1489             Mitzner                                            Joseph
1795             Steele                                             Laura
1797             Steelman                                           Shanay
1799             Steen                                              Heidi
1801             Stefani                                            Stefano
1803             Steiner                                            Alan
1811             Steiner                                            Alice
1805             Stenerson                                          Derik
1807             Stern                                              Vassar
1809             Steuber                                            Wathalee
1813             Stevens                                            Liza Marie
1815             Stewart                                            Jim
1817             Storjohann                                         Judy
1819             Stotka                                             Louis
1821             Stotka                                             Robert
1823             Stotler                                            Kayla
1825             Strange                                            Charles
2010             Wall                                               Joanna
2012             Wang                                               Jian
2013             Wang                                               Qiang
2016             Warthen                                            Clay
2018             Waters                                             Becky
2020             Watters                                            Jason
2022             Waxman                                             Peter
2024             Weber                                              Gregory
2025             Weimer                                             Dorothy
2027             Wellington                                         Alexandra
2028             West                                               Paul
2030             Westguard                                          Kerry
2031             Westover                                           Gail
2034             Wheeler                                            Wendy

(245 rows affected)


Completion time: 2025-12-04T14:58:24.3086235+02:00
