ProductID   ProductNumber             Name
----------- ------------------------- --------------------------------------------------
890         FR-T98U-46                HL Touring Frame - Blue, 46
891         FR-T98U-50                HL Touring Frame - Blue, 50
892         FR-T98U-54                HL Touring Frame - Blue, 54
893         FR-T98U-60                HL Touring Frame - Blue, 60
887         FR-T98Y-46                HL Touring Frame - Yellow, 46
888         FR-T98Y-50                HL Touring Frame - Yellow, 50
889         FR-T98Y-54                HL Touring Frame - Yellow, 54
885         FR-T98Y-60                HL Touring Frame - Yellow, 60
947         HB-T928                   HL Touring Handlebars
916         SE-T924                   HL Touring Seat/Saddle
903         FR-T67U-44                LL Touring Frame - Blue, 44
895         FR-T67U-50                LL Touring Frame - Blue, 50
896         FR-T67U-54                LL Touring Frame - Blue, 54
897         FR-T67U-58                LL Touring Frame - Blue, 58
898         FR-T67U-62                LL Touring Frame - Blue, 62
899         FR-T67Y-44                LL Touring Frame - Yellow, 44
900         FR-T67Y-50                LL Touring Frame - Yellow, 50
901         FR-T67Y-54                LL Touring Frame - Yellow, 54
902         FR-T67Y-58                LL Touring Frame - Yellow, 58
886         FR-T67Y-62                LL Touring Frame - Yellow, 62
946         HB-T721                   LL Touring Handlebars
914         SE-T312                   LL Touring Seat/Saddle
912         SE-R908                   ML Road Seat/Saddle
915         SE-T762                   ML Touring Seat/Saddle
821         FW-T905                   Touring Front Wheel
941         PD-T852                   Touring Pedal
829         RW-T905                   Touring Rear Wheel
934         TI-T723                   Touring Tire
923         TT-T092                   Touring Tire Tube
966         BK-T79U-46                Touring-1000 Blue, 46
967         BK-T79U-50                Touring-1000 Blue, 50
968         BK-T79U-54                Touring-1000 Blue, 54
969         BK-T79U-60                Touring-1000 Blue, 60
954         BK-T79Y-46                Touring-1000 Yellow, 46
955         BK-T79Y-50                Touring-1000 Yellow, 50
956         BK-T79Y-54                Touring-1000 Yellow, 54
957         BK-T79Y-60                Touring-1000 Yellow, 60
970         BK-T44U-46                Touring-2000 Blue, 46
971         BK-T44U-50                Touring-2000 Blue, 50
972         BK-T44U-54                Touring-2000 Blue, 54
953         BK-T44U-60                Touring-2000 Blue, 60
978         BK-T18U-44                Touring-3000 Blue, 44
979         BK-T18U-50                Touring-3000 Blue, 50
958         BK-T18U-54                Touring-3000 Blue, 54
959         BK-T18U-58                Touring-3000 Blue, 58
960         BK-T18U-62                Touring-3000 Blue, 62
961         BK-T18Y-44                Touring-3000 Yellow, 44
962         BK-T18Y-50                Touring-3000 Yellow, 50
963         BK-T18Y-54                Touring-3000 Yellow, 54
964         BK-T18Y-58                Touring-3000 Yellow, 58
965         BK-T18Y-62                Touring-3000 Yellow, 62
842         PA-T100                   Touring-Panniers, Large

(52 rows affected)


Completion time: 2025-12-03T14:44:14.5479519+02:00
