JobTitle
--------------------------------------------------
Accountant
Accounts Manager
Accounts Payable Specialist
Accounts Receivable Specialist
Application Specialist
Assistant to the Chief Financial Officer
Benefits Specialist
Buyer
Chief Executive Officer
Chief Financial Officer
Control Specialist
Database Administrator
Design Engineer
Document Control Assistant
Document Control Manager
Engineering Manager
European Sales Manager
Facilities Administrative Assistant
Facilities Manager
Finance Manager
Human Resources Administrative Assistant
Human Resources Manager
Information Services Manager
Janitor
Maintenance Supervisor
Marketing Assistant
Marketing Manager
Marketing Specialist
Master Scheduler
Network Administrator
Network Manager
North American Sales Manager
Pacific Sales Manager
Production Control Manager
Production Supervisor - WC10
Production Supervisor - WC20
Production Supervisor - WC30
Production Supervisor - WC40
Production Supervisor - WC45
Production Supervisor - WC50
Production Supervisor - WC60
Production Technician - WC10
Production Technician - WC20
Production Technician - WC30
Production Technician - WC40
Production Technician - WC45
Production Technician - WC50
Production Technician - WC60
Purchasing Assistant
Purchasing Manager
Quality Assurance Manager
Quality Assurance Supervisor
Quality Assurance Technician
Recruiter
Research and Development Engineer
Research and Development Manager
Sales Representative
Scheduling Assistant
Senior Design Engineer
Senior Tool Designer
Shipping and Receiving Clerk
Shipping and Receiving Supervisor
Stocker
Tool Designer
Vice President of Engineering
Vice President of Production
Vice President of Sales

(67 rows affected)


Completion time: 2025-12-03T15:00:31.1550742+02:00
