LocationID Shelf      TotalQuantity
---------- ---------- -------------
NULL       NULL       335974
1          NULL       72899
1          A          2727
1          C          13777
1          D          6551
1          E          8032
1          F          7614
1          G          3954
1          H          10905
1          J          5051
1          K          6751
1          L          7537
2          NULL       5549
2          B          900
2          C          1557
2          D          3092
3          NULL       186
3          A          186
4          NULL       110
4          A          110
5          NULL       20295
5          A          6572
5          B          1281
5          D          1215
5          E          1279
5          J          3782
5          K          408
5          R          2929
5          T          2829
6          NULL       83173
6          A          2734
6          B          4780
6          D          4768
6          F          4909
6          G          28527
6          H          9150
6          K          164
6          L          3784
6          M          3567
6          N          3813
6          R          16977
7          NULL       17319
7          N/A        17319
10         NULL       13584
10         A          1379
10         B          1648
10         C          3464
10         D          1727
10         E          2045
10         F          443
10         L          2093
10         N/A        785
20         NULL       5165
20         A          1680
20         B          355
20         N/A        1009
20         S          2121
30         NULL       958
30         N/A        958
40         NULL       508
40         B          117
40         N/A        391
45         NULL       332
45         N/A        332
50         NULL       95477
50         A          10329
50         B          3591
50         C          1070
50         E          17775
50         F          4386
50         G          6664
50         J          3321
50         K          8881
50         N          1441
50         N/A        984
50         R          3217
50         S          1333
50         T          7805
50         U          18700
50         V          2635
50         W          2908
50         Y          437
60         NULL       20419
60         A          1116
60         E          2848
60         F          3897
60         G          1050
60         K          107
60         L          139
60         N/A        8804
60         S          2458

(91 rows affected)


Completion time: 2025-12-04T14:33:59.3415962+02:00
