fromdate   nameinfull                                                                                               salaryinaweek
---------- -------------------------------------------------------------------------------------------------------- ---------------------------------------
2013-03-14 Abbas, Syed E                                                                                            1924.0400
2010-01-16 Abercrombie, Kim B                                                                                       498.0000
2009-02-28 Abolrous, Hazem E                                                                                        1153.8480
2009-01-02 Ackerman, Pilar G                                                                                        769.2320
2009-03-05 Adams, Jay G                                                                                             498.0000
2009-01-17 Ajenstat, François P                                                                                     1538.4600
2012-04-16 Alberts, Amy E                                                                                           1924.0400
2008-12-02 Alderson, Greg F                                                                                         400.0000
2008-12-28 Alexander, Sean P                                                                                        423.0760
2009-12-02 Altman, Gary E                                                                                           961.5400
2009-01-02 Anderson, Nancy A                                                                                        498.0000
2011-05-31 Ansman-Wolfe, Pamela O                                                                                   923.0760
2009-01-04 Arifin, Zainal T                                                                                         711.5400
2009-01-11 Bacon, Dan K                                                                                             1096.1520
2009-01-21 Baker, Bryan                                                                                             498.0000
2009-12-25 Baker, Mary R                                                                                            538.0000
2009-01-20 Barbariol, Angela W                                                                                      440.0000
2009-01-12 Barber, David M                                                                                          538.4600
2008-12-06 Barreto de Mattos, Paula M                                                                               1085.5760
2011-01-07 Benshoof, Wanida M                                                                                       538.4600
2009-02-16 Berg, Karen A                                                                                            1096.1520
2009-02-09 Berge, Karen R                                                                                           410.0000
2009-02-02 Berglund, Andreas T                                                                                      423.0760
2009-01-20 Berndt, Matthias T                                                                                       380.0000
2010-03-07 Berry, Jo L                                                                                              370.0000
2009-02-26 Bischoff, Jimmy T                                                                                        360.0000
2011-05-31 Blythe, Michael G                                                                                        923.0760
2012-04-30 Bradley, David M                                                                                         1500.0000
2009-07-15 Bradley, David M                                                                                         1150.0000
2007-12-20 Bradley, David M                                                                                         960.0000
2009-02-13 Brewer, Alan J                                                                                           640.0000
2010-01-24 Brown, Eric L                                                                                            600.0000
2008-02-27 Brown, Jo A                                                                                              1000.0000
2007-01-26 Brown, Kevin F                                                                                           538.4600
2008-12-23 Bueno, Janaina B                                                                                         1096.1520
2011-05-31 Campbell, David R                                                                                        923.0760
2008-03-17 Campbell, John T                                                                                         1000.0000
2008-12-14 Cao, Jun T                                                                                               440.0000
2009-02-13 Caron, Rob T                                                                                             600.0000
2011-05-31 Carson, Jillian                                                                                          923.0760
2009-03-06 Cencini, Andrew M                                                                                        400.0000
2009-02-15 Cetinok, Baris F                                                                                         600.0000
2009-01-22 Chai, Sean N                                                                                             410.0000
2010-02-23 Charncherngkha, Sootha T                                                                                 423.0760
2009-02-06 Chen, Hao O                                                                                              557.6920
2009-02-09 Chen, John Y                                                                                             560.0000
2008-12-07 Ciccu, Alice O                                                                                           440.0000
2010-01-27 Coleman, Pat H                                                                                           370.0000
2009-02-23 Connelly, Peter I                                                                                        1298.0760
2009-02-04 Conroy, Stephanie A                                                                                      1586.5400
2010-02-12 Cook, Patrick M                                                                                          600.0000
2009-01-05 Cornelsen, Ryan L                                                                                        600.0000
2010-12-05 Cracium, Ovidiu V                                                                                        1153.8480
2010-03-03 Creasey, Jack T                                                                                          600.0000
2009-02-25 Culbertson, Grant N                                                                                      557.6920
2009-01-22 Decker, Barbara S                                                                                        560.0000
2011-02-14 Dempsey, Mary A                                                                                          538.4600
2007-12-11 D'Hers, Thierry B                                                                                        1000.0000
2009-03-05 Diaz, Brenda M                                                                                           1000.0000
2007-12-26 Dobney, JoLynn M                                                                                         1000.0000
2008-12-15 D'sa, Reuben H                                                                                           1000.0000
2010-02-05 Dudenhoefer, Ed R                                                                                        498.0000
2008-01-31 Duffy, Terri L                                                                                           2538.4600
2010-01-29 Dusza, Maciej W                                                                                          498.0000
2009-03-07 Dyck, Shelley N                                                                                          560.0000
2009-02-16 Earls, Terrence W                                                                                        560.0000
2008-12-07 Eaton, Susan W                                                                                           360.0000
2008-01-06 Ellerbrock, Ruth A                                                                                       538.0000
2009-03-02 Eminhizer, Terry J                                                                                       576.9240
2009-02-25 Entin, Michael T                                                                                         440.0000
2008-01-06 Erickson, Gail A                                                                                         1307.6920
2009-12-06 Ersan, Ebru N                                                                                            538.0000
2009-01-15 Esteves, Janeth M                                                                                        400.0000
2009-01-01 Evans, John P                                                                                            440.0000
2009-01-04 Fakhouri, Fadi K                                                                                         560.0000
2008-12-17 Fatima, Suroor R                                                                                         440.0000
2008-12-16 Feng, Hanying P                                                                                          560.0000
2009-12-03 Fitzgerald, Charles B                                                                                    498.0000
2009-01-27 Flood, Kathie E                                                                                          400.0000
2008-02-20 Ford, Jeffrey L                                                                                          538.0000
2009-12-29 Frintu, Mihail U                                                                                         600.0000
2009-03-03 Frum, John N                                                                                             260.0000
2011-12-01 Frum, John N                                                                                             280.0000
2013-07-14 Frum, John N                                                                                             380.0000
2010-12-23 Galvin, Janice M                                                                                         1000.0000
2009-01-12 Gibson, Mary E                                                                                           576.9240
2006-06-30 Gilbert, Guy R                                                                                           498.0000
2008-03-28 Glimp, Diane R                                                                                           538.0000
2009-01-08 Gode, Scott R                                                                                            400.0000
2008-01-24 Goldberg, Jossef H                                                                                       1307.6920
2009-12-11 Goldstein, Brian R                                                                                       600.0000
2009-01-14 Gubbels, Eric                                                                                            1000.0000
2010-01-31 Hagens, Erin M                                                                                           730.7680
2009-02-13 Hall, Don L                                                                                              440.0000
2009-01-03 Hamilton, David P                                                                                        1000.0000
2009-02-03 Hamilton, James R                                                                                        3365.3840
2008-12-12 Harnpadoungsataya, Sariya E                                                                              576.9240
2009-01-15 Harrington, Mark L                                                                                       423.0760
2008-03-10 Hartwig, Doris M                                                                                         538.0000
2009-01-21 Hay, Jeff V                                                                                              1000.0000
2009-12-21 Hedlund, Magnus E                                                                                        390.0000
2010-01-11 Hee, Gordon L                                                                                            730.7680
2009-02-08 Heidepriem, Brandon G                                                                                    498.0000
2009-02-28 Hesse, Stefen A                                                                                          560.0000
2008-02-02 Higa, Sidney M                                                                                           538.0000
2009-02-22 Hill, Andrew R                                                                                           1000.0000
2010-12-06 Hill, Annette L                                                                                          510.0000
2010-02-08 Hill, Christopher E                                                                                      538.0000
2010-12-25 Hillmann, Reinout N                                                                                      510.0000
2008-12-09 Hines, Michael T                                                                                         560.0000
2008-12-27 Hite, Douglas B                                                                                          400.0000
2008-12-24 Hohman, Bob N                                                                                            440.0000
2009-02-22 Holliday, Nicole B                                                                                       600.0000
2009-12-25 Homer, Kevin M                                                                                           538.0000
2008-12-12 Hunter, Russell                                                                                          440.0000
2009-01-16 Ingle, Marc J                                                                                            260.0000
2011-12-01 Ingle, Marc J                                                                                            290.0000
2013-07-14 Ingle, Marc J                                                                                            380.0000
2011-05-31 Ito, Shu K                                                                                               923.0760
2011-01-04 Jiang, Stephen Y                                                                                         1924.0400
2008-01-07 Johnson, Barry K                                                                                         538.0000
2008-12-02 Johnson, David N                                                                                         260.0000
2011-12-01 Johnson, David N                                                                                         290.0000
2013-07-14 Johnson, David N                                                                                         380.0000
2008-12-13 Johnson, Willis T                                                                                        730.7680
2008-12-25 Kahn, Wendy B                                                                                            1730.7680
2010-01-17 Kaliyath, Sandeep P                                                                                      600.0000
2010-02-27 Kane, John T                                                                                             538.0000
2009-02-26 Kane, Lori A                                                                                             1000.0000
2010-01-01 Kearney, Bonnie N                                                                                        538.0000
2008-12-05 Keil, Kendall C                                                                                          440.0000
2009-03-02 Keyser, Elizabeth I                                                                                      440.0000
2009-12-22 Khanna, Karan R                                                                                          498.0000
2008-12-16 Kharatishvili, Tengiz N                                                                                  673.0760
2009-02-08 Kim, Shane S                                                                                             1000.0000
2009-02-21 King, Russell M                                                                                          260.0000
2011-12-01 King, Russell M                                                                                          290.0000
2013-07-14 King, Russell M                                                                                          380.0000
2008-12-14 Kleinerman, Christian E                                                                                  817.3080
2009-02-02 Koch, Reed T                                                                                             260.0000
2011-12-01 Koch, Reed T                                                                                             290.0000
2013-07-14 Koch, Reed T                                                                                             380.0000
2008-12-15 Koenigsbauer, Kirk J                                                                                     400.0000
2009-02-08 Kogan, Eugene O                                                                                          498.0000
2008-12-04 Komosinski, Paul B                                                                                       600.0000
2008-12-27 Kramer, James D                                                                                          498.0000
2009-01-13 Krapauskas, Mindaugas J                                                                                  440.0000
2008-12-01 Krebs, Peter J                                                                                           980.7680
2008-12-07 Kuppa, Vamsi N                                                                                           380.0000
2010-01-27 Kurjan, Eric S                                                                                           730.7680
2009-03-03 LaMee, Brian P                                                                                           640.0000
2008-12-29 Laszlo, Rebecca A                                                                                        498.0000
2009-02-14 Lawrence, David O                                                                                        260.0000
2011-12-01 Lawrence, David O                                                                                        290.0000
2013-07-14 Lawrence, David O                                                                                        380.0000
2009-01-17 Lee, Frank T                                                                                             600.0000
2009-03-04 Lertpiriyasuwat, Kitti H                                                                                 440.0000
2008-12-21 Li, George Z                                                                                             260.0000
2011-12-01 Li, George Z                                                                                             290.0000
2013-07-14 Li, George Z                                                                                             380.0000
2009-02-01 Li, Yuhong L                                                                                             1000.0000
2009-01-30 Liu, David J                                                                                             1389.4240
2008-12-08 Liu, Jinghao K                                                                                           1000.0000
2008-12-17 Liu, Kevin H                                                                                             600.0000
2009-01-29 Lloyd, Brian T                                                                                           600.0000
2008-12-27 Loh, Kok-Ho T                                                                                            1000.0000
2009-02-10 Lugo, Jose R                                                                                             498.0000
2009-01-01 Luthra, Vidur X                                                                                          730.7680
2010-03-05 Macrae, Stuart J                                                                                         370.0000
2009-01-11 Male, Pete C                                                                                             440.0000
2009-03-08 Mares, Gabe B                                                                                            600.0000
2008-12-29 Margheim, Diane L                                                                                        1634.6160
2009-01-27 Martin, Benjamin R                                                                                       270.0000
2011-12-01 Martin, Benjamin R                                                                                       290.0000
2013-07-14 Martin, Benjamin R                                                                                       380.0000
2008-12-25 Martin, Mindy C                                                                                          663.4600
2010-02-05 Martinez, Frank R                                                                                        600.0000
2009-02-15 Masters, Steve F                                                                                         498.0000
2009-01-16 Matthew, Gigi N                                                                                          1634.6160
2008-02-08 Maxwell, Taylor R                                                                                        1000.0000
2009-01-23 McArthur, Mark K                                                                                         498.0000
2009-02-20 McAskill-White, Katie L                                                                                  1000.0000
2008-12-06 McGuel, Alejandro E                                                                                      600.0000
2008-12-09 McKay, Yvonne S                                                                                          400.0000
2009-12-17 Meisner, Linda P                                                                                         730.7680
2012-09-30 Mensa-Annan, Tete A                                                                                      923.0760
2008-12-14 Metters, Susan A                                                                                         380.0000
2009-02-03 Meyyappan, Ramesh V                                                                                      1096.1520
2009-02-26 Michaels, Thomas R                                                                                       498.0000
2009-03-05 Miksovsky, Jan S                                                                                         380.0000
2010-03-09 Miller, Ben T                                                                                            730.7680
2009-02-08 Miller, Dylan A                                                                                          2019.2320
2009-02-23 Miller, Frank T                                                                                          440.0000
2008-12-28 Mirchandani, Nitin S                                                                                     560.0000
2011-05-31 Mitchell, Linda C                                                                                        923.0760
2008-12-24 Mohamed, Shammi G                                                                                        600.0000
2009-02-16 Mohan, Suchitra O                                                                                        498.0000
2009-02-18 Moreland, Barbara C                                                                                      1057.6920
2008-12-25 Moschell, Linda K                                                                                        440.0000
2008-12-03 Mu, Zheng W                                                                                              1000.0000
2008-12-02 Munson, Stuart V                                                                                         400.0000
2009-02-24 Myer, Ken L                                                                                              600.0000
2009-01-12 Nartker, Paula R                                                                                         600.0000
2009-01-04 Nay, Lorraine O                                                                                          600.0000
2009-02-08 Nayberg, Alex M                                                                                          400.0000
2009-03-03 Netz, Merav A                                                                                            380.0000
2009-02-20 Newman, Belinda M                                                                                        400.0000
2009-02-18 Niswonger, Chad W                                                                                        440.0000
2009-01-31 Norman, Laura F                                                                                          1562.4000
2011-11-14 Norman, Laura F                                                                                          1942.3080
2012-01-29 Norman, Laura F                                                                                          2403.8480
2009-03-06 Norred, Chris K                                                                                          673.0760
2008-12-12 Northup, Fred T                                                                                          600.0000
2009-02-05 Nusbaum, Tawana G                                                                                        600.0000
2010-01-04 Ogisu, Fukiko J                                                                                          730.7680
2009-03-07 Okelberry, Chris O                                                                                       498.0000
2008-12-15 Ortiz, David J                                                                                           498.0000
2009-01-26 Osada, Michiko F                                                                                         380.0000
2012-05-30 Pak, Jae B                                                                                               923.0760
2008-12-31 Patel, Rajesh M                                                                                          600.0000
2009-01-31 Patten, Michael W                                                                                        440.0000
2010-01-23 Pellow, Frank S                                                                                          730.7680
2010-02-16 Penor, Lori K                                                                                            370.0000
2009-02-26 Penuchot, Lionel C                                                                                       400.0000
2008-12-22 Petculescu, Cristian K                                                                                   1000.0000
2009-02-12 Philips, Carol M                                                                                         380.0000
2008-12-18 Poe, Deborah E                                                                                           760.0000
2008-12-19 Poland, Carole M                                                                                         380.0000
2009-01-25 Pournasseh, Houman N                                                                                     440.0000
2009-01-22 Preston, Chris T                                                                                         400.0000
2009-05-03 Raheem, Michael                                                                                          1699.2320
2008-12-26 Ralls, Kim T                                                                                             360.0000
2009-01-27 Randall, Cynthia S                                                                                       1000.0000
2009-02-03 Randall, Linda A                                                                                         560.0000
2009-02-28 Rao, Arvind B                                                                                            730.7680
2008-12-08 Rapier, Simon D                                                                                          498.0000
2009-02-15 Ray, Michael S                                                                                           1000.0000
2008-12-26 Reátegui Alayo, Sandra                                                                                   380.0000
2010-02-23 Reeves, Randy T                                                                                          498.0000
2011-05-31 Reiter, Tsvi M                                                                                           923.0760
2009-01-07 Rettig, Bjorn M                                                                                          380.0000
2009-02-21 Richins, Jack S                                                                                          1000.0000
2009-01-10 Rothkugel, Michael L                                                                                     600.0000
2009-02-02 Rounthwaite, Robert J                                                                                    400.0000
2009-01-31 Ruth, Andy M                                                                                             380.0000
2009-01-11 Sacksteder, Lane M                                                                                       560.0000
2011-01-18 Salavaria, Sharon B                                                                                      1307.6920
2008-12-04 Salmre, Ivo W                                                                                            560.0000
2008-12-23 Sam, Raymond K                                                                                           560.0000
2009-02-10 Samant, Mandar H                                                                                         440.0000
2010-01-22 Samarawickrama, Prasanna E                                                                               560.0000
2009-01-14 Sánchez, Ken J                                                                                           5020.0000
2009-02-10 Sandberg, Mikael Q                                                                                       730.7680
2011-05-31 Saraiva, José E                                                                                          923.0760
2008-12-19 Scardelis, Jim H                                                                                         440.0000
2009-03-08 Seamans, Mike K                                                                                          1057.6920
2008-12-01 Selikoff, Steven T                                                                                       380.0000
2009-02-19 Shabalin, Rostislav E                                                                                    380.0000
2008-12-04 Sharma, Ashvini R                                                                                        1298.0760
2009-03-01 Sheperdigian, Janet L                                                                                    760.0000
2009-01-04 Shoop, Margie W                                                                                          498.0000
2009-01-29 Simon, Britta L                                                                                          498.0000
2009-01-17 Singh, Paul R                                                                                            560.0000
2009-02-05 Smith, Denise H                                                                                          440.0000
2009-02-04 Smith, Samantha H                                                                                        560.0000
2009-01-12 Song, Lolan B                                                                                            440.0000
2009-02-23 Sousa, Anibal T                                                                                          560.0000
2009-01-06 Spoon, Candy L                                                                                           760.0000
2009-12-18 Stadick, Betsy A                                                                                         538.0000
2008-12-17 Stahl, Annik O                                                                                           498.0000
2009-01-03 Steele, Laura C                                                                                          400.0000
2010-01-24 Su, Min G                                                                                                560.0000
2010-12-30 Sullivan, Michael I                                                                                      1442.3080
2010-02-13 Sunkammurali, Krishna                                                                                    560.0000
2007-11-11 Tamburello, Roberto                                                                                      1730.7680
2009-02-11 Tejani, Sameer A                                                                                         440.0000
2009-01-18 Tibbott, Diane H                                                                                         440.0000
2010-02-20 Tiedt, Danielle C                                                                                        538.0000
2010-01-06 Ting, Hung-Fu T                                                                                          560.0000
2009-02-11 Tomic, Dragan K                                                                                          760.0000
2008-12-11 Trenary, Jean E                                                                                          2019.2320
2013-05-30 Tsoflias, Lynn N                                                                                         923.0760
2010-03-04 Turner, Olinda C                                                                                         560.0000
2009-01-26 Uddin, Sairaj L                                                                                          640.0000
2013-05-30 Valdez, Rachel B                                                                                         923.0760
2009-12-11 Valdez, Sylvester A                                                                                      560.0000
2010-03-10 Vande Velde, Tom M                                                                                       538.0000
2009-02-26 Vanderhyde, Michael T                                                                                    380.0000
2011-05-31 Vargas, Garrett R                                                                                        923.0760
2012-05-30 Varkey Chudukatil, Ranjit R                                                                              923.0760
2008-01-08 Vong, William S                                                                                          344.8000
2011-08-31 Vong, William S                                                                                          540.0000
2012-01-01 Vong, William S                                                                                          640.0000
2011-12-15 Walters, Rob                                                                                             1193.8480
2010-05-31 Walters, Rob                                                                                             948.8000
2007-12-05 Walters, Rob                                                                                             344.8000
2009-01-24 Walton, Bryan A                                                                                          760.0000
2008-12-07 Wang, Jian Shuo                                                                                          380.0000
2009-01-14 Watters, Jason M                                                                                         380.0000
2010-02-01 Wedge, Patrick C                                                                                         538.0000
2011-02-15 Welcker, Brian S                                                                                         2884.6160
2009-01-18 Williams, Jill A                                                                                         576.9240
2009-01-22 Wilson, Dan B                                                                                            1538.4600
2011-02-07 Wood, John L                                                                                             576.9240
2011-02-21 Word, Sheela H                                                                                           394.4000
2011-07-30 Word, Sheela H                                                                                           900.0000
2012-07-14 Word, Sheela H                                                                                           1200.0000
2008-12-12 Wright, A. Scott                                                                                         942.3080
2008-12-09 Wu, Peng J                                                                                               865.3840
2009-01-02 Yalovsky, David A                                                                                        380.0000
2008-12-07 Young, Garrett R                                                                                         380.0000
2009-01-06 Yu, Nuan                                                                                                 440.0000
2008-12-22 Yukish, Gary W                                                                                           600.0000
2009-01-21 Zabokritski, Eugene R                                                                                    380.0000
2010-01-12 Zimmerman, Kimberly B                                                                                    538.0000
2010-02-23 Zwilling, Michael J                                                                                      498.0000

(316 rows affected)


Completion time: 2025-12-04T16:37:46.4153973+02:00
